[15.628099442] 2018-05-18 11:55:51,852 - INFO - launcher: Starting sanity checks
[15.628099442] 2018-05-18 11:55:51,852 - INFO - launcher: Checking for Python 3.5+
[15.628099442] 2018-05-18 11:55:51,852 - INFO - launcher: Checking console encoding
[15.628099442] 2018-05-18 11:55:51,852 - INFO - launcher: Setting console encoding to UTF-8
[15.628099442] 2018-05-18 11:55:51,852 - INFO - launcher: Ensuring we're in the right environment
[15.628099442] 2018-05-18 11:55:51,852 - INFO - launcher: Adding local bins/ folder to path
[15.628099442] 2018-05-18 11:55:51,852 - INFO - launcher: Required checks passed.
[15.628099442] 2018-05-18 11:55:51,852 - INFO - launcher: Optional checks passed.
[15.628099442] 2018-05-18 11:55:51,852 - INFO - launcher: Moving old musicbot log

######################### PRE-RUN SANITY CHECKS PASSED #########################

[5.9549844264984131] 2018-05-18 11:55:57,791 - WARNING - musicbot.config | In config.py::MainThread(16684), line 112 in run_checks: i18n file does not exist. Trying to fallback to config/i18n/en.json.
[5.9549844264984131] 2018-05-18 11:55:57,791 - INFO - musicbot.config | In config.py::MainThread(16684), line 123 in run_checks: Using i18n: config/i18n/en.json
[5.9549844264984131] 2018-05-18 11:55:57,791 - DEBUG - musicbot.json | In json.py::MainThread(16684), line 8 in __init__: Init JSON obj with config/i18n/en.json
[6.1086974143981934] 2018-05-18 11:55:57,945 - DEBUG - musicbot.bot | In bot.py::MainThread(16684), line 227 in _setup_logging: Set logging level to INFO
[6.1086974143981934] 2018-05-18 11:55:57,945 - INFO - musicbot.bot | In bot.py::MainThread(16684), line 84 in __init__: Starting MusicBot 1.9.7
[6.1086974143981934] 2018-05-18 11:55:57,945 - INFO - musicbot.bot | In bot.py::MainThread(16684), line 90 in __init__: Loaded autoplaylist with 2531 entries
[9.3791768550872803] 2018-05-18 11:56:01,215 - DEBUG - musicbot.bot | In bot.py::MainThread(16684), line 1074 in on_ready: Connection established, ready to go.
[9.3791768550872803] 2018-05-18 11:56:01,215 - DEBUG - musicbot.bot | In bot.py::MainThread(16684), line 339 in _cache_app_info: Caching app info
[9.6329519748687744] 2018-05-18 11:56:01,469 - DEBUG - musicbot.bot | In bot.py::MainThread(16684), line 889 in _scheck_ensure_env: Ensuring data folders exist
[9.6329519748687744] 2018-05-18 11:56:01,469 - DEBUG - musicbot.bot | In bot.py::MainThread(16684), line 905 in _scheck_server_permissions: Checking server permissions
[9.6329519748687744] 2018-05-18 11:56:01,469 - DEBUG - musicbot.bot | In bot.py::MainThread(16684), line 909 in _scheck_autoplaylist: Auditing autoplaylist
[9.6329519748687744] 2018-05-18 11:56:01,469 - DEBUG - musicbot.bot | In bot.py::MainThread(16684), line 913 in _scheck_configs: Validating config
[9.6329519748687744] 2018-05-18 11:56:01,469 - DEBUG - musicbot.config | In config.py::MainThread(16684), line 212 in async_validate: Validating options...
[9.6329519748687744] 2018-05-18 11:56:01,469 - DEBUG - musicbot.bot | In bot.py::MainThread(16684), line 916 in _scheck_configs: Validating permissions config
[9.6329519748687744] 2018-05-18 11:56:01,469 - DEBUG - musicbot.permissions | In permissions.py::MainThread(16684), line 64 in async_validate: Validating permissions...
[9.6329519748687744] 2018-05-18 11:56:01,469 - INFO - musicbot.bot | In bot.py::MainThread(16684), line 1091 in on_ready: Connected: 440422461972938772/TechnologyHelpBundaberg#1450
[9.6329519748687744] 2018-05-18 11:56:01,469 - INFO - musicbot.bot | In bot.py::MainThread(16684), line 1099 in on_ready: Owner:     292871335305019394/Technology Help Bundaberg ã‹¡#9176

[9.6329519748687744] 2018-05-18 11:56:01,469 - INFO - musicbot.bot | In bot.py::MainThread(16684), line 1102 in on_ready: Server List:
[9.6485576629638672] 2018-05-18 11:56:01,485 - INFO - musicbot.bot | In bot.py::MainThread(16684), line 1105 in on_ready:  - Technology Help Bundaberg
[9.6485576629638672] 2018-05-18 11:56:01,485 - INFO - musicbot.bot | In bot.py::MainThread(16684), line 1105 in on_ready:  - test
[9.6485576629638672] 2018-05-18 11:56:01,485 - INFO - musicbot.bot | In bot.py::MainThread(16684), line 1151 in on_ready: Not bound to any text channels
[9.6485576629638672] 2018-05-18 11:56:01,485 - INFO - musicbot.bot | In bot.py::MainThread(16684), line 1177 in on_ready: Not autojoining any voice channels
[9.6485576629638672] 2018-05-18 11:56:01,485 - INFO - musicbot.bot | In bot.py::MainThread(16684), line 272 in _join_startup_channels: Found owner in "Music"
[9.6485576629638672] 2018-05-18 11:56:01,485 - INFO - musicbot.bot | In bot.py::MainThread(16684), line 281 in _join_startup_channels: Attempting to join Technology Help Bundaberg/Music
[9.6485576629638672] 2018-05-18 11:56:01,485 - DEBUG - musicbot.bot | In bot.py::MainThread(16684), line 452 in get_voice_client: Connection attempt 1 to Music
[9.6485576629638672] 2018-05-18 11:56:01,485 - VOICEDEBUG - musicbot.bot | In bot.py::MainThread(16684), line 391 in join_voice_channel: (join_voice_channel) creating futures
[9.6485576629638672] 2018-05-18 11:56:01,485 - VOICEDEBUG - musicbot.bot | In bot.py::MainThread(16684), line 397 in join_voice_channel: (join_voice_channel) setting voice state
[9.6485576629638672] 2018-05-18 11:56:01,485 - VOICEDEBUG - musicbot.bot | In bot.py::MainThread(16684), line 400 in join_voice_channel: (join_voice_channel) waiting for session id
[9.9153802394866943] 2018-05-18 11:56:01,751 - VOICEDEBUG - musicbot.bot | In bot.py::MainThread(16684), line 2938 in on_voice_state_update: Voice state update for 440422461972938772/TechnologyHelpBundaberg#1450 on Technology Help Bundaberg/Music -> [JOIN, CONNECT]
[9.9158785343170166] 2018-05-18 11:56:01,752 - INFO - musicbot.bot | In bot.py::MainThread(16684), line 2949 in on_voice_state_update: 440422461972938772/TechnologyHelpBundaberg#1450 has joined Technology Help Bundaberg/Music
[9.9168803691864014] 2018-05-18 11:56:01,753 - VOICEDEBUG - musicbot.bot | In bot.py::MainThread(16684), line 404 in join_voice_channel: (join_voice_channel) waiting for voice data
[10.3315210342407227] 2018-05-18 11:56:02,168 - VOICEDEBUG - musicbot.bot | In bot.py::MainThread(16684), line 418 in join_voice_channel: (join_voice_channel) connecting...
[10.6295039653778076] 2018-05-18 11:56:02,466 - VOICEDEBUG - musicbot.bot | In bot.py::MainThread(16684), line 430 in join_voice_channel: (join_voice_channel) connection successful
[10.6300039291381836] 2018-05-18 11:56:02,466 - DEBUG - musicbot.bot | In bot.py::MainThread(16684), line 478 in get_voice_client: Connected in 1.0s
[10.6304960250854492] 2018-05-18 11:56:02,467 - INFO - musicbot.bot | In bot.py::MainThread(16684), line 479 in get_voice_client: Connected to Technology Help Bundaberg/Music
[10.6314966678619385] 2018-05-18 11:56:02,468 - DEBUG - musicbot.bot | In bot.py::MainThread(16684), line 849 in deserialize_queue: Deserializing queue for 417624655550087168
[10.7539906501770020] 2018-05-18 11:56:02,590 - DEBUG - musicbot.bot | In bot.py::MainThread(16684), line 570 in get_player: Created player via deserialization for server 417624655550087168 with 2 entries
[10.7539906501770020] 2018-05-18 11:56:02,590 - INFO - musicbot.bot | In bot.py::MainThread(16684), line 297 in _join_startup_channels: Joined Technology Help Bundaberg/Music
[10.7544896602630615] 2018-05-18 11:56:02,591 - VOICEDEBUG - musicbot.player | In player.py::MainThread(16684), line 373 in websocket_check: Starting websocket check loop for Technology Help Bundaberg
[10.7549917697906494] 2018-05-18 11:56:02,591 - DEBUG - musicbot.entry | In entry.py::MainThread(16684), line 54 in get_ready_future: Created future for None
[10.7549917697906494] 2018-05-18 11:56:02,591 - DEBUG - musicbot.entry | In entry.py::MainThread(16684), line 54 in get_ready_future: Created future for audio_cache\youtube-3LRmrpUV6iQ-Dylan_Joel_-_Swing_ft._Mantra_DJ_Izm_Official_Video.webm
[10.7549917697906494] 2018-05-18 11:56:02,591 - FFMPEG - musicbot.player | In player.py::MainThread(16684), line 330 in _play: Creating player with options: -nostdin -vn audio_cache\youtube-3LRmrpUV6iQ-Dylan_Joel_-_Swing_ft._Mantra_DJ_Izm_Official_Video.webm
[10.7599928379058838] 2018-05-18 11:56:02,596 - INFO - musicbot.entry | In entry.py::MainThread(16684), line 220 in _really_download: Download started: https://www.youtube.com/watch?v=YQHsXMglC9A
[10.7769877910614014] 2018-05-18 11:56:02,613 - DEBUG - musicbot.bot | In bot.py::MainThread(16684), line 825 in serialize_queue: Serializing queue for 417624655550087168
[10.7974867820739746] 2018-05-18 11:56:02,634 - FFMPEG - musicbot.player | In player.py::Thread-3 stderr reader(12144), line 471 in filter_stderr: Data from ffmpeg: b'audio_cache\\youtube-3LRmrpUV6iQ-Dylan_Joel_-_Swing_ft._Mantra_DJ_Izm_Official_Video.webm: No such file or directory\r\n'
[10.8034977912902832] 2018-05-18 11:56:02,640 - DEBUG - musicbot.entry | In entry.py::MainThread(16684), line 54 in get_ready_future: Created future for None
[10.8085012435913086] 2018-05-18 11:56:02,645 - DEBUG - musicbot.bot | In bot.py::MainThread(16684), line 679 in on_player_finished_playing: No content in current autoplaylist. Filling with new music...
[15.5423154830932617] 2018-05-18 11:56:07,378 - INFO - musicbot.entry | In entry.py::MainThread(16684), line 230 in _really_download: Download complete: https://www.youtube.com/watch?v=YQHsXMglC9A
[15.5453202724456787] 2018-05-18 11:56:07,381 - FFMPEG - musicbot.player | In player.py::MainThread(16684), line 330 in _play: Creating player with options: -nostdin -vn audio_cache\youtube-YQHsXMglC9A-Adele_-_Hello.webm
[15.5493214130401611] 2018-05-18 11:56:07,385 - DEBUG - musicbot.bot | In bot.py::MainThread(16684), line 825 in serialize_queue: Serializing queue for 417624655550087168
[18.4102292060852051] 2018-05-18 11:56:10,246 - DEBUG - musicbot.entry | In entry.py::MainThread(16684), line 54 in get_ready_future: Created future for None
[18.4107306003570557] 2018-05-18 11:56:10,247 - INFO - musicbot.entry | In entry.py::MainThread(16684), line 220 in _really_download: Download started: https://youtube.com/watch?v=3j1U0Io65Ds
[22.5717201232910156] 2018-05-18 11:56:14,408 - INFO - musicbot.entry | In entry.py::MainThread(16684), line 230 in _really_download: Download complete: https://youtube.com/watch?v=3j1U0Io65Ds
[47.6736488342285156] 2018-05-18 11:56:39,510 - INFO - musicbot.bot | In bot.py::MainThread(16684), line 2734 in on_message: 292871335305019394/Technology Help Bundaberg ã‹¡#9176: !pause
[66.1045465469360352] 2018-05-18 11:56:57,941 - INFO - musicbot.bot | In bot.py::MainThread(16684), line 2734 in on_message: 292871335305019394/Technology Help Bundaberg ã‹¡#9176: !play shimmy shake the wiggles
[66.3895783424377441] 2018-05-18 11:56:58,226 - DEBUG - musicbot.bot | In bot.py::MainThread(16684), line 1517 in cmd_play: {'_type': 'url', 'url': 'ytsearch:shimmy shake the wiggles', 'ie_key': None, 'extractor': 'generic', 'webpage_url': 'shimmy shake the wiggles', 'webpage_url_basename': 'shimmy shake the wiggles', 'extractor_key': 'Generic'}
[72.5855183601379395] 2018-05-18 11:57:04,422 - DEBUG - musicbot.bot | In bot.py::MainThread(16684), line 825 in serialize_queue: Serializing queue for 417624655550087168
[79.9142606258392334] 2018-05-18 11:57:11,750 - INFO - musicbot.bot | In bot.py::MainThread(16684), line 2734 in on_message: 292871335305019394/Technology Help Bundaberg ã‹¡#9176: !skip
[79.9571888446807861] 2018-05-18 11:57:11,793 - DEBUG - musicbot.entry | In entry.py::MainThread(16684), line 54 in get_ready_future: Created future for None
[79.9576895236968994] 2018-05-18 11:57:11,794 - DEBUG - musicbot.entry | In entry.py::MainThread(16684), line 54 in get_ready_future: Created future for audio_cache\youtube-3j1U0Io65Ds-Merk_Kremont_-_41_Days.webm
[79.9581873416900635] 2018-05-18 11:57:11,794 - FFMPEG - musicbot.player | In player.py::MainThread(16684), line 330 in _play: Creating player with options: -nostdin -vn audio_cache\youtube-3j1U0Io65Ds-Merk_Kremont_-_41_Days.webm
[79.9631888866424561] 2018-05-18 11:57:11,799 - DEBUG - musicbot.bot | In bot.py::MainThread(16684), line 825 in serialize_queue: Serializing queue for 417624655550087168
[79.9701905250549316] 2018-05-18 11:57:11,806 - INFO - musicbot.entry | In entry.py::MainThread(16684), line 220 in _really_download: Download started: https://www.youtube.com/watch?v=CbSHaDjsAmc
[79.9766933917999268] 2018-05-18 11:57:11,813 - DEBUG - musicbot.bot | In bot.py::MainThread(16684), line 825 in serialize_queue: Serializing queue for 417624655550087168
[83.2685916423797607] 2018-05-18 11:57:15,105 - INFO - musicbot.entry | In entry.py::MainThread(16684), line 230 in _really_download: Download complete: https://www.youtube.com/watch?v=CbSHaDjsAmc
[89.7350206375122070] 2018-05-18 11:57:21,571 - INFO - musicbot.bot | In bot.py::MainThread(16684), line 2734 in on_message: 292871335305019394/Technology Help Bundaberg ã‹¡#9176: !play https://www.youtube.com/watch?v=CbSHaDjsAmc
[91.7127001285552979] 2018-05-18 11:57:23,549 - DEBUG - musicbot.bot | In bot.py::MainThread(16684), line 1517 in cmd_play: {'id': 'CbSHaDjsAmc', 'uploader': 'KidsVidsHere', 'uploader_id': 'KidsVidsHere', 'uploader_url': 'http://www.youtube.com/user/KidsVidsHere', 'upload_date': '20111123', 'license': 'Standard YouTube License', 'creator': None, 'title': 'The Wiggles, The Shimmy Shake Song', 'alt_title': None, 'thumbnail': 'https://i.ytimg.com/vi/CbSHaDjsAmc/hqdefault.jpg', 'description': 'Dorothy the Dinosaur, Captain Feathersword, Wags the Dog, Henry the Octopus, Anthony Field, Murray Cook, Greg Page, Jeff Fatt, Phillip Wilcher, Sam Moran, Murray, Greg, Jeff, Phillip, Singing, dancing, fun, colorful, guitar, kids, kindergarten, keyboard, sing, song, music, toddler, dance', 'categories': ['Entertainment'], 'tags': ['Dorothy the Dinosaur', 'Captain Feathersword', 'Wags the Dog', 'Henry the Octopus', 'Anthony Field', 'Murray Cook', 'Greg Page', 'Jeff Fatt', 'Phillip Wilcher', 'Sam Moran', 'Murray', 'Greg', 'Jeff', 'Phillip', 'Singing', 'dancing', 'fun', 'colorful', 'guitar', 'kids', 'kindergarten', 'keyboard', 'sing', 'song', 'music', 'toddler', 'dance'], 'subtitles': {}, 'automatic_captions': {}, 'duration': 185, 'age_limit': 0, 'annotations': None, 'chapters': None, 'webpage_url': 'https://www.youtube.com/watch?v=CbSHaDjsAmc', 'view_count': 153531, 'like_count': 229, 'dislike_count': 50, 'average_rating': 4.28315401077, 'formats': [{'format_id': '249', 'url': 'https://r1---sn-v2u0n-coxl.googlevideo.com/videoplayback?sparams=clen%2Cdur%2Cei%2Cgir%2Cid%2Cinitcwndbps%2Cip%2Cipbits%2Citag%2Ckeepalive%2Clmt%2Cmime%2Cmm%2Cmn%2Cms%2Cmv%2Cpcm2%2Cpl%2Crequiressl%2Csource%2Cexpire&ei=ATP-WrDAKof24wKr76noAw&itag=249&beids=%5B9466594%5D&signature=91CDBA1DE252B9B12919531A5ECB53F1586F6421.4B8EA58532ACED4B02BA32FDFD07B5AA258C67B3&expire=1526630241&fvip=1&mime=audio%2Fwebm&pl=16&source=youtube&pcm2=no&key=yt6&gir=yes&requiressl=yes&lmt=1506638207750285&keepalive=yes&ip=106.70.249.5&clen=1311963&mt=1526608513&mv=m&dur=184.881&ms=au%2Crdu&ipbits=0&mm=31%2C29&mn=sn-v2u0n-coxl%2Csn-ntqe6n76&c=WEB&id=o-ADcfk_1pjPWCCzSPN0vje7A_CzVCglC_UXds3756QpP_&initcwndbps=941250&ratebypass=yes', 'player_url': '/yts/jsbin/player-vflxk5snu/en_US/base.js', 'ext': 'webm', 'format_note': 'DASH audio', 'acodec': 'opus', 'abr': 50, 'filesize': 1311963, 'tbr': 58.808, 'quality': -1, 'vcodec': 'none', 'downloader_options': {'http_chunk_size': 10485760}}, {'format_id': '250', 'url': 'https://r1---sn-v2u0n-coxl.googlevideo.com/videoplayback?sparams=clen%2Cdur%2Cei%2Cgir%2Cid%2Cinitcwndbps%2Cip%2Cipbits%2Citag%2Ckeepalive%2Clmt%2Cmime%2Cmm%2Cmn%2Cms%2Cmv%2Cpcm2%2Cpl%2Crequiressl%2Csource%2Cexpire&ei=ATP-WrDAKof24wKr76noAw&itag=250&beids=%5B9466594%5D&signature=71BD98D7776C9D307F29FD29FC669A8B6F67F33D.51855EF4ED57B1378A69403DA6C60221F22739BE&expire=1526630241&fvip=1&mime=audio%2Fwebm&pl=16&source=youtube&pcm2=no&key=yt6&gir=yes&requiressl=yes&lmt=1506638197758605&keepalive=yes&ip=106.70.249.5&clen=1608708&mt=1526608513&mv=m&dur=184.881&ms=au%2Crdu&ipbits=0&mm=31%2C29&mn=sn-v2u0n-coxl%2Csn-ntqe6n76&c=WEB&id=o-ADcfk_1pjPWCCzSPN0vje7A_CzVCglC_UXds3756QpP_&initcwndbps=941250&ratebypass=yes', 'player_url': '/yts/jsbin/player-vflxk5snu/en_US/base.js', 'ext': 'webm', 'format_note': 'DASH audio', 'acodec': 'opus', 'abr': 70, 'filesize': 1608708, 'tbr': 72.373, 'quality': -1, 'vcodec': 'none', 'downloader_options': {'http_chunk_size': 10485760}}, {'format_id': '171', 'url': 'https://r1---sn-v2u0n-coxl.googlevideo.com/videoplayback?sparams=clen%2Cdur%2Cei%2Cgir%2Cid%2Cinitcwndbps%2Cip%2Cipbits%2Citag%2Ckeepalive%2Clmt%2Cmime%2Cmm%2Cmn%2Cms%2Cmv%2Cpcm2%2Cpl%2Crequiressl%2Csource%2Cexpire&ei=ATP-WrDAKof24wKr76noAw&itag=171&beids=%5B9466594%5D&signature=7264D743CE2ED1336AF0568C2C20A01A1D26276C.AA3453FA2707786F5EB1534354880AE9FAC437FD&expire=1526630241&fvip=1&mime=audio%2Fwebm&pl=16&source=youtube&pcm2=no&key=yt6&gir=yes&requiressl=yes&lmt=1506638155247851&keepalive=yes&ip=106.70.249.5&clen=2111826&mt=1526608513&mv=m&dur=184.876&ms=au%2Crdu&ipbits=0&mm=31%2C29&mn=sn-v2u0n-coxl%2Csn-ntqe6n76&c=WEB&id=o-ADcfk_1pjPWCCzSPN0vje7A_CzVCglC_UXds3756QpP_&initcwndbps=941250&ratebypass=yes', 'player_url': '/yts/jsbin/player-vflxk5snu/en_US/base.js', 'ext': 'webm', 'acodec': 'vorbis', 'format_note': 'DASH audio', 'abr': 128, 'filesize': 2111826, 'tbr': 103.05, 'quality': -1, 'vcodec': 'none', 'downloader_options': {'http_chunk_size': 10485760}}, {'format_id': '140', 'url': 'https://r1---sn-v2u0n-coxl.googlevideo.com/videoplayback?sparams=clen%2Cdur%2Cei%2Cgir%2Cid%2Cinitcwndbps%2Cip%2Cipbits%2Citag%2Ckeepalive%2Clmt%2Cmime%2Cmm%2Cmn%2Cms%2Cmv%2Cpcm2%2Cpl%2Crequiressl%2Csource%2Cexpire&ei=ATP-WrDAKof24wKr76noAw&itag=140&beids=%5B9466594%5D&signature=67FB103244C902DA83106D6E8008B863550E36B0.60A432D79ADCC1FEED43977E6E52EEE6676238A8&expire=1526630241&fvip=1&mime=audio%2Fmp4&pl=16&source=youtube&pcm2=no&key=yt6&gir=yes&requiressl=yes&lmt=1509090831298498&keepalive=yes&ip=106.70.249.5&clen=2938084&mt=1526608513&mv=m&dur=184.946&ms=au%2Crdu&ipbits=0&mm=31%2C29&mn=sn-v2u0n-coxl%2Csn-ntqe6n76&c=WEB&id=o-ADcfk_1pjPWCCzSPN0vje7A_CzVCglC_UXds3756QpP_&initcwndbps=941250&ratebypass=yes', 'player_url': '/yts/jsbin/player-vflxk5snu/en_US/base.js', 'ext': 'm4a', 'format_note': 'DASH audio', 'acodec': 'mp4a.40.2', 'abr': 128, 'container': 'm4a_dash', 'filesize': 2938084, 'tbr': 127.996, 'quality': -1, 'vcodec': 'none', 'downloader_options': {'http_chunk_size': 10485760}}, {'format_id': '251', 'url': 'https://r1---sn-v2u0n-coxl.googlevideo.com/videoplayback?sparams=clen%2Cdur%2Cei%2Cgir%2Cid%2Cinitcwndbps%2Cip%2Cipbits%2Citag%2Ckeepalive%2Clmt%2Cmime%2Cmm%2Cmn%2Cms%2Cmv%2Cpcm2%2Cpl%2Crequiressl%2Csource%2Cexpire&ei=ATP-WrDAKof24wKr76noAw&itag=251&beids=%5B9466594%5D&signature=47D772437595C30FF7E51683AC50AE6E2CC85C96.9151D88663F82DF559AE82CB69DF87DE0508CDAF&expire=1526630241&fvip=1&mime=audio%2Fwebm&pl=16&source=youtube&pcm2=no&key=yt6&gir=yes&requiressl=yes&lmt=1506638180883665&keepalive=yes&ip=106.70.249.5&clen=3182649&mt=1526608513&mv=m&dur=184.881&ms=au%2Crdu&ipbits=0&mm=31%2C29&mn=sn-v2u0n-coxl%2Csn-ntqe6n76&c=WEB&id=o-ADcfk_1pjPWCCzSPN0vje7A_CzVCglC_UXds3756QpP_&initcwndbps=941250&ratebypass=yes', 'player_url': '/yts/jsbin/player-vflxk5snu/en_US/base.js', 'ext': 'webm', 'format_note': 'DASH audio', 'acodec': 'opus', 'abr': 160, 'filesize': 3182649, 'tbr': 141.956, 'quality': -1, 'vcodec': 'none', 'downloader_options': {'http_chunk_size': 10485760}}, {'format_id': '160', 'url': 'https://r1---sn-v2u0n-coxl.googlevideo.com/videoplayback?sparams=aitags%2Cclen%2Cdur%2Cei%2Cgir%2Cid%2Cinitcwndbps%2Cip%2Cipbits%2Citag%2Ckeepalive%2Clmt%2Cmime%2Cmm%2Cmn%2Cms%2Cmv%2Cpcm2%2Cpl%2Crequiressl%2Csource%2Cexpire&ei=ATP-WrDAKof24wKr76noAw&itag=160&beids=%5B9466594%5D&signature=D3C419DFA1F9D6024C8A45CA07FF031F6953D416.ADF59D3FFF8D5E622CC963B2AEB5997EE980B279&expire=1526630241&fvip=1&mime=video%2Fmp4&pl=16&source=youtube&pcm2=no&key=yt6&gir=yes&requiressl=yes&aitags=133%2C134%2C160%2C242%2C243%2C278&lmt=1509090809963517&keepalive=yes&ip=106.70.249.5&clen=1281405&mt=1526608513&mv=m&dur=184.345&ms=au%2Crdu&ipbits=0&mm=31%2C29&mn=sn-v2u0n-coxl%2Csn-ntqe6n76&c=WEB&id=o-ADcfk_1pjPWCCzSPN0vje7A_CzVCglC_UXds3756QpP_&initcwndbps=941250&ratebypass=yes', 'player_url': '/yts/jsbin/player-vflxk5snu/en_US/base.js', 'ext': 'mp4', 'height': 144, 'format_note': '144p', 'vcodec': 'avc1.4d400c', 'filesize': 1281405, 'tbr': 72.968, 'width': 192, 'fps': 30, 'quality': -1, 'acodec': 'none', 'downloader_options': {'http_chunk_size': 10485760}}, {'format_id': '278', 'url': 'https://r1---sn-v2u0n-coxl.googlevideo.com/videoplayback?sparams=aitags%2Cclen%2Cdur%2Cei%2Cgir%2Cid%2Cinitcwndbps%2Cip%2Cipbits%2Citag%2Ckeepalive%2Clmt%2Cmime%2Cmm%2Cmn%2Cms%2Cmv%2Cpcm2%2Cpl%2Crequiressl%2Csource%2Cexpire&ei=ATP-WrDAKof24wKr76noAw&itag=278&beids=%5B9466594%5D&signature=10272D7D1F5352ED0F9C38B7B9A8C9CF5651A786.C2434077A8E3786C7B2CFB8C9CD3E1BDDAADEFA3&expire=1526630241&fvip=1&mime=video%2Fwebm&pl=16&source=youtube&pcm2=no&key=yt6&gir=yes&requiressl=yes&aitags=133%2C134%2C160%2C242%2C243%2C278&lmt=1506638501421016&keepalive=yes&ip=106.70.249.5&clen=1719977&mt=1526608513&mv=m&dur=184.312&ms=au%2Crdu&ipbits=0&mm=31%2C29&mn=sn-v2u0n-coxl%2Csn-ntqe6n76&c=WEB&id=o-ADcfk_1pjPWCCzSPN0vje7A_CzVCglC_UXds3756QpP_&initcwndbps=941250&ratebypass=yes', 'player_url': '/yts/jsbin/player-vflxk5snu/en_US/base.js', 'ext': 'webm', 'height': 144, 'format_note': '144p', 'container': 'webm', 'vcodec': 'vp9', 'filesize': 1719977, 'tbr': 79.623, 'width': 192, 'fps': 30, 'quality': -1, 'acodec': 'none', 'downloader_options': {'http_chunk_size': 10485760}}, {'format_id': '133', 'url': 'https://r1---sn-v2u0n-coxl.googlevideo.com/videoplayback?sparams=aitags%2Cclen%2Cdur%2Cei%2Cgir%2Cid%2Cinitcwndbps%2Cip%2Cipbits%2Citag%2Ckeepalive%2Clmt%2Cmime%2Cmm%2Cmn%2Cms%2Cmv%2Cpcm2%2Cpl%2Crequiressl%2Csource%2Cexpire&ei=ATP-WrDAKof24wKr76noAw&itag=133&beids=%5B9466594%5D&signature=300C9ADF9ED7D68A45782C83D22DCDFDE2A56FE6.B51C399A4987BE3F6B30C6B456A5D1B59BEA7E31&expire=1526630241&fvip=1&mime=video%2Fmp4&pl=16&source=youtube&pcm2=no&key=yt6&gir=yes&requiressl=yes&aitags=133%2C134%2C160%2C242%2C243%2C278&lmt=1509090810064807&keepalive=yes&ip=106.70.249.5&clen=2168521&mt=1526608513&mv=m&dur=184.345&ms=au%2Crdu&ipbits=0&mm=31%2C29&mn=sn-v2u0n-coxl%2Csn-ntqe6n76&c=WEB&id=o-ADcfk_1pjPWCCzSPN0vje7A_CzVCglC_UXds3756QpP_&initcwndbps=941250&ratebypass=yes', 'player_url': '/yts/jsbin/player-vflxk5snu/en_US/base.js', 'ext': 'mp4', 'height': 240, 'format_note': '240p', 'vcodec': 'avc1.4d400d', 'filesize': 2168521, 'tbr': 125.517, 'width': 320, 'fps': 30, 'quality': -1, 'acodec': 'none', 'downloader_options': {'http_chunk_size': 10485760}}, {'format_id': '242', 'url': 'https://r1---sn-v2u0n-coxl.googlevideo.com/videoplayback?sparams=aitags%2Cclen%2Cdur%2Cei%2Cgir%2Cid%2Cinitcwndbps%2Cip%2Cipbits%2Citag%2Ckeepalive%2Clmt%2Cmime%2Cmm%2Cmn%2Cms%2Cmv%2Cpcm2%2Cpl%2Crequiressl%2Csource%2Cexpire&ei=ATP-WrDAKof24wKr76noAw&itag=242&beids=%5B9466594%5D&signature=1403E3E3252C7A38B8B3163F408D0B81CDF105C1.7478886A98D58483DAD46255E53EBAE27F08DF82&expire=1526630241&fvip=1&mime=video%2Fwebm&pl=16&source=youtube&pcm2=no&key=yt6&gir=yes&requiressl=yes&aitags=133%2C134%2C160%2C242%2C243%2C278&lmt=1506638501470355&keepalive=yes&ip=106.70.249.5&clen=4084375&mt=1526608513&mv=m&dur=184.312&ms=au%2Crdu&ipbits=0&mm=31%2C29&mn=sn-v2u0n-coxl%2Csn-ntqe6n76&c=WEB&id=o-ADcfk_1pjPWCCzSPN0vje7A_CzVCglC_UXds3756QpP_&initcwndbps=941250&ratebypass=yes', 'player_url': '/yts/jsbin/player-vflxk5snu/en_US/base.js', 'ext': 'webm', 'height': 240, 'format_note': '240p', 'vcodec': 'vp9', 'filesize': 4084375, 'tbr': 196.729, 'width': 320, 'fps': 30, 'quality': -1, 'acodec': 'none', 'downloader_options': {'http_chunk_size': 10485760}}, {'format_id': '134', 'url': 'https://r1---sn-v2u0n-coxl.googlevideo.com/videoplayback?sparams=aitags%2Cclen%2Cdur%2Cei%2Cgir%2Cid%2Cinitcwndbps%2Cip%2Cipbits%2Citag%2Ckeepalive%2Clmt%2Cmime%2Cmm%2Cmn%2Cms%2Cmv%2Cpcm2%2Cpl%2Crequiressl%2Csource%2Cexpire&ei=ATP-WrDAKof24wKr76noAw&itag=134&beids=%5B9466594%5D&signature=49752595EA7A0809BEDAA15ED171466D178F20AC.9D5D7808FE521505D80CAEBEFB9C693E86E97FF0&expire=1526630241&fvip=1&mime=video%2Fmp4&pl=16&source=youtube&pcm2=no&key=yt6&gir=yes&requiressl=yes&aitags=133%2C134%2C160%2C242%2C243%2C278&lmt=1509090810065905&keepalive=yes&ip=106.70.249.5&clen=5692145&mt=1526608513&mv=m&dur=184.345&ms=au%2Crdu&ipbits=0&mm=31%2C29&mn=sn-v2u0n-coxl%2Csn-ntqe6n76&c=WEB&id=o-ADcfk_1pjPWCCzSPN0vje7A_CzVCglC_UXds3756QpP_&initcwndbps=941250&ratebypass=yes', 'player_url': '/yts/jsbin/player-vflxk5snu/en_US/base.js', 'ext': 'mp4', 'height': 360, 'format_note': '360p', 'vcodec': 'avc1.4d401e', 'filesize': 5692145, 'tbr': 334.178, 'width': 480, 'fps': 30, 'quality': -1, 'acodec': 'none', 'downloader_options': {'http_chunk_size': 10485760}}, {'format_id': '243', 'url': 'https://r1---sn-v2u0n-coxl.googlevideo.com/videoplayback?sparams=aitags%2Cclen%2Cdur%2Cei%2Cgir%2Cid%2Cinitcwndbps%2Cip%2Cipbits%2Citag%2Ckeepalive%2Clmt%2Cmime%2Cmm%2Cmn%2Cms%2Cmv%2Cpcm2%2Cpl%2Crequiressl%2Csource%2Cexpire&ei=ATP-WrDAKof24wKr76noAw&itag=243&beids=%5B9466594%5D&signature=2BBAEE77ED38BED911E6C4105FBB699DB1A2C816.78BF1A46863B8FCBC3806DD71CD163E18354D742&expire=1526630241&fvip=1&mime=video%2Fwebm&pl=16&source=youtube&pcm2=no&key=yt6&gir=yes&requiressl=yes&aitags=133%2C134%2C160%2C242%2C243%2C278&lmt=1506638501339388&keepalive=yes&ip=106.70.249.5&clen=7399347&mt=1526608513&mv=m&dur=184.312&ms=au%2Crdu&ipbits=0&mm=31%2C29&mn=sn-v2u0n-coxl%2Csn-ntqe6n76&c=WEB&id=o-ADcfk_1pjPWCCzSPN0vje7A_CzVCglC_UXds3756QpP_&initcwndbps=941250&ratebypass=yes', 'player_url': '/yts/jsbin/player-vflxk5snu/en_US/base.js', 'ext': 'webm', 'height': 360, 'format_note': '360p', 'vcodec': 'vp9', 'filesize': 7399347, 'tbr': 344.109, 'width': 480, 'fps': 30, 'quality': -1, 'acodec': 'none', 'downloader_options': {'http_chunk_size': 10485760}}, {'format_id': '17', 'url': 'https://r1---sn-v2u0n-coxl.googlevideo.com/videoplayback?sparams=clen%2Cdur%2Cei%2Cgir%2Cid%2Cinitcwndbps%2Cip%2Cipbits%2Citag%2Clmt%2Cmime%2Cmm%2Cmn%2Cms%2Cmv%2Cpcm2%2Cpl%2Crequiressl%2Csource%2Cexpire&ei=ATP-WrDAKof24wKr76noAw&itag=17&beids=%5B9466594%5D&signature=A75F6A03CDE91F9CBE477EE6A2993D34CFD63201.5128AD222897D6179B38F7A13B85B8A0C30A9643&expire=1526630241&fvip=1&mime=video%2F3gpp&pl=16&source=youtube&pcm2=no&key=yt6&gir=yes&requiressl=yes&lmt=1389012715271419&ip=106.70.249.5&clen=1891290&mt=1526608513&mv=m&dur=184.970&ms=au%2Crdu&ipbits=0&mm=31%2C29&mn=sn-v2u0n-coxl%2Csn-ntqe6n76&c=WEB&id=o-ADcfk_1pjPWCCzSPN0vje7A_CzVCglC_UXds3756QpP_&initcwndbps=941250&ratebypass=yes', 'player_url': '/yts/jsbin/player-vflxk5snu/en_US/base.js', 'ext': '3gp', 'width': 176, 'height': 144, 'acodec': 'mp4a.40.2', 'abr': 24, 'vcodec': 'mp4v.20.3', 'resolution': '176x144', 'filesize': 1891290, 'format_note': 'small'}, {'format_id': '36', 'url': 'https://r1---sn-v2u0n-coxl.googlevideo.com/videoplayback?sparams=clen%2Cdur%2Cei%2Cgir%2Cid%2Cinitcwndbps%2Cip%2Cipbits%2Citag%2Clmt%2Cmime%2Cmm%2Cmn%2Cms%2Cmv%2Cpcm2%2Cpl%2Crequiressl%2Csource%2Cexpire&ei=ATP-WrDAKof24wKr76noAw&itag=36&beids=%5B9466594%5D&signature=195A6363F144094494B37FDAD2EE8D9303551659.DFAF9D3FD427C15D8D6122714877A5628CB515C1&expire=1526630241&fvip=1&mime=video%2F3gpp&pl=16&source=youtube&pcm2=no&key=yt6&gir=yes&requiressl=yes&lmt=1426288809589257&ip=106.70.249.5&clen=5232087&mt=1526608513&mv=m&dur=184.970&ms=au%2Crdu&ipbits=0&mm=31%2C29&mn=sn-v2u0n-coxl%2Csn-ntqe6n76&c=WEB&id=o-ADcfk_1pjPWCCzSPN0vje7A_CzVCglC_UXds3756QpP_&initcwndbps=941250&ratebypass=yes', 'player_url': '/yts/jsbin/player-vflxk5snu/en_US/base.js', 'ext': '3gp', 'width': 320, 'acodec': 'mp4a.40.2', 'vcodec': 'mp4v.20.3', 'resolution': '320x240', 'height': 240, 'filesize': 5232087, 'format_note': 'small'}, {'format_id': '18', 'url': 'https://r1---sn-v2u0n-coxl.googlevideo.com/videoplayback?sparams=clen%2Cdur%2Cei%2Cgir%2Cid%2Cinitcwndbps%2Cip%2Cipbits%2Citag%2Clmt%2Cmime%2Cmm%2Cmn%2Cms%2Cmv%2Cpcm2%2Cpl%2Cratebypass%2Crequiressl%2Csource%2Cexpire&ei=ATP-WrDAKof24wKr76noAw&itag=18&beids=%5B9466594%5D&signature=E282B9DB13E21E06DDB34AF67193E9796B55274B.28E65A41D53B027F8486DBF6541E9705FBB73FA1&expire=1526630241&ratebypass=yes&fvip=1&mime=video%2Fmp4&pl=16&source=youtube&pcm2=no&key=yt6&id=o-ADcfk_1pjPWCCzSPN0vje7A_CzVCglC_UXds3756QpP_&requiressl=yes&lmt=1389012719261292&ip=106.70.249.5&clen=10059559&mt=1526608513&mv=m&dur=184.946&ms=au%2Crdu&ipbits=0&mm=31%2C29&mn=sn-v2u0n-coxl%2Csn-ntqe6n76&c=WEB&gir=yes&initcwndbps=941250', 'player_url': '/yts/jsbin/player-vflxk5snu/en_US/base.js', 'ext': 'mp4', 'width': 480, 'height': 360, 'acodec': 'mp4a.40.2', 'abr': 96, 'vcodec': 'avc1.42001E', 'resolution': '480x360', 'filesize': 10059559, 'format_note': 'medium', 'quality': 1}, {'format_id': '43', 'url': 'https://r1---sn-v2u0n-coxl.googlevideo.com/videoplayback?sparams=clen%2Cdur%2Cei%2Cgir%2Cid%2Cinitcwndbps%2Cip%2Cipbits%2Citag%2Clmt%2Cmime%2Cmm%2Cmn%2Cms%2Cmv%2Cpcm2%2Cpl%2Cratebypass%2Crequiressl%2Csource%2Cexpire&ei=ATP-WrDAKof24wKr76noAw&itag=43&beids=%5B9466594%5D&signature=44BF4DA587CFE5D6FEF3400444DA882BFFCB69C5.0157DE5A95C05BAD1AB2B44EF504CDEB1C86D198&expire=1526630241&ratebypass=yes&fvip=1&mime=video%2Fwebm&pl=16&source=youtube&pcm2=no&key=yt6&id=o-ADcfk_1pjPWCCzSPN0vje7A_CzVCglC_UXds3756QpP_&requiressl=yes&lmt=1322051452067653&ip=106.70.249.5&clen=16978589&mt=1526608513&mv=m&dur=0.000&ms=au%2Crdu&ipbits=0&mm=31%2C29&mn=sn-v2u0n-coxl%2Csn-ntqe6n76&c=WEB&gir=yes&initcwndbps=941250', 'player_url': '/yts/jsbin/player-vflxk5snu/en_US/base.js', 'ext': 'webm', 'width': 640, 'height': 360, 'acodec': 'vorbis', 'abr': 128, 'vcodec': 'vp8.0', 'resolution': '640x360', 'filesize': 16978589, 'format_note': 'medium', 'quality': 1}], 'is_live': None, 'start_time': None, 'end_time': None, 'series': None, 'season_number': None, 'episode_number': None, 'extractor': 'youtube', 'webpage_url_basename': 'watch', 'extractor_key': 'Youtube'}
[93.5963139533996582] 2018-05-18 11:57:25,432 - DEBUG - musicbot.bot | In bot.py::MainThread(16684), line 825 in serialize_queue: Serializing queue for 417624655550087168
[98.1833178997039795] 2018-05-18 11:57:30,019 - INFO - musicbot.bot | In bot.py::MainThread(16684), line 2734 in on_message: 292871335305019394/Technology Help Bundaberg ã‹¡#9176: !skip
[98.2057905197143555] 2018-05-18 11:57:30,042 - DEBUG - musicbot.entry | In entry.py::MainThread(16684), line 54 in get_ready_future: Created future for None
[98.2062914371490479] 2018-05-18 11:57:30,042 - DEBUG - musicbot.entry | In entry.py::MainThread(16684), line 54 in get_ready_future: Created future for audio_cache\youtube-CbSHaDjsAmc-The_Wiggles_The_Shimmy_Shake_Song.webm
[98.2067897319793701] 2018-05-18 11:57:30,043 - FFMPEG - musicbot.player | In player.py::MainThread(16684), line 330 in _play: Creating player with options: -nostdin -vn audio_cache\youtube-CbSHaDjsAmc-The_Wiggles_The_Shimmy_Shake_Song.webm
[98.2127912044525146] 2018-05-18 11:57:30,049 - DEBUG - musicbot.bot | In bot.py::MainThread(16684), line 825 in serialize_queue: Serializing queue for 417624655550087168
[98.2192873954772949] 2018-05-18 11:57:30,055 - INFO - musicbot.entry | In entry.py::MainThread(16684), line 196 in _download: Download cached: https://www.youtube.com/watch?v=CbSHaDjsAmc
[98.2202866077423096] 2018-05-18 11:57:30,056 - DEBUG - musicbot.bot | In bot.py::MainThread(16684), line 825 in serialize_queue: Serializing queue for 417624655550087168
[240.5863835811614990] 2018-05-18 11:59:52,422 - VOICEDEBUG - musicbot.bot | In bot.py::MainThread(16684), line 2938 in on_voice_state_update: Voice state update for 440422461972938772/TechnologyHelpBundaberg#1450 on Technology Help Bundaberg/Music -> [MUTE]
[242.1184434890747070] 2018-05-18 11:59:53,955 - VOICEDEBUG - musicbot.bot | In bot.py::MainThread(16684), line 2938 in on_voice_state_update: Voice state update for 440422461972938772/TechnologyHelpBundaberg#1450 on Technology Help Bundaberg/Music -> [UNMUTE]
[242.9839951992034912] 2018-05-18 11:59:54,820 - VOICEDEBUG - musicbot.bot | In bot.py::MainThread(16684), line 2938 in on_voice_state_update: Voice state update for 440422461972938772/TechnologyHelpBundaberg#1450 on Technology Help Bundaberg/Music -> [DEAFEN]
[245.8321545124053955] 2018-05-18 11:59:57,668 - VOICEDEBUG - musicbot.bot | In bot.py::MainThread(16684), line 2938 in on_voice_state_update: Voice state update for 440422461972938772/TechnologyHelpBundaberg#1450 on Technology Help Bundaberg/Music -> [UNDEAFEN]
[283.1140003204345703] 2018-05-18 12:00:34,950 - DEBUG - musicbot.entry | In entry.py::MainThread(16684), line 54 in get_ready_future: Created future for audio_cache\youtube-CbSHaDjsAmc-The_Wiggles_The_Shimmy_Shake_Song.webm
[283.1140003204345703] 2018-05-18 12:00:34,950 - FFMPEG - musicbot.player | In player.py::MainThread(16684), line 330 in _play: Creating player with options: -nostdin -vn audio_cache\youtube-CbSHaDjsAmc-The_Wiggles_The_Shimmy_Shake_Song.webm
[283.1179831027984619] 2018-05-18 12:00:34,954 - DEBUG - musicbot.bot | In bot.py::MainThread(16684), line 825 in serialize_queue: Serializing queue for 417624655550087168
[283.1234838962554932] 2018-05-18 12:00:34,960 - DEBUG - musicbot.bot | In bot.py::MainThread(16684), line 825 in serialize_queue: Serializing queue for 417624655550087168
[300.9193828105926514] 2018-05-18 12:00:52,755 - INFO - musicbot.bot | In bot.py::MainThread(16684), line 2734 in on_message: 292871335305019394/Technology Help Bundaberg ã‹¡#9176: !skip
[304.6115880012512207] 2018-05-18 12:00:56,448 - DEBUG - musicbot.entry | In entry.py::MainThread(16684), line 54 in get_ready_future: Created future for None
[304.6120893955230713] 2018-05-18 12:00:56,448 - INFO - musicbot.entry | In entry.py::MainThread(16684), line 220 in _really_download: Download started: https://youtube.com/watch?v=4eGk7KVTRSk
[306.6135900020599365] 2018-05-18 12:00:58,450 - DEBUG - musicbot.entry | In entry.py::MainThread(16684), line 54 in get_ready_future: Created future for None
[308.5939719676971436] 2018-05-18 12:01:00,430 - INFO - musicbot.entry | In entry.py::MainThread(16684), line 230 in _really_download: Download complete: https://youtube.com/watch?v=4eGk7KVTRSk
[308.5974709987640381] 2018-05-18 12:01:00,434 - FFMPEG - musicbot.player | In player.py::MainThread(16684), line 330 in _play: Creating player with options: -nostdin -vn audio_cache\youtube-4eGk7KVTRSk-LYRICS_Draper_-_Break_Over_You_ft._Prides.webm
[308.6019876003265381] 2018-05-18 12:01:00,438 - DEBUG - musicbot.bot | In bot.py::MainThread(16684), line 825 in serialize_queue: Serializing queue for 417624655550087168
[312.1137115955352783] 2018-05-18 12:01:03,950 - INFO - musicbot.bot | In bot.py::MainThread(16684), line 2734 in on_message: 292871335305019394/Technology Help Bundaberg ã‹¡#9176: !play The Delltones Get a Job
[312.3837287425994873] 2018-05-18 12:01:04,220 - DEBUG - musicbot.bot | In bot.py::MainThread(16684), line 1517 in cmd_play: {'_type': 'url', 'url': 'ytsearch:The Delltones Get a Job', 'ie_key': None, 'extractor': 'generic', 'webpage_url': 'The Delltones Get a Job', 'webpage_url_basename': 'The Delltones Get a Job', 'extractor_key': 'Generic'}
[318.7610669136047363] 2018-05-18 12:01:10,597 - DEBUG - musicbot.entry | In entry.py::MainThread(16684), line 54 in get_ready_future: Created future for None
[318.7620675563812256] 2018-05-18 12:01:10,598 - DEBUG - musicbot.bot | In bot.py::MainThread(16684), line 825 in serialize_queue: Serializing queue for 417624655550087168
[318.7670681476593018] 2018-05-18 12:01:10,603 - INFO - musicbot.entry | In entry.py::MainThread(16684), line 220 in _really_download: Download started: https://www.youtube.com/watch?v=vL0QI62VGHo
[324.6976690292358398] 2018-05-18 12:01:16,534 - INFO - musicbot.entry | In entry.py::MainThread(16684), line 230 in _really_download: Download complete: https://www.youtube.com/watch?v=vL0QI62VGHo
[325.0447704792022705] 2018-05-18 12:01:16,881 - INFO - musicbot.bot | In bot.py::MainThread(16684), line 2734 in on_message: 292871335305019394/Technology Help Bundaberg ã‹¡#9176: !skip
[325.0637719631195068] 2018-05-18 12:01:16,900 - DEBUG - musicbot.entry | In entry.py::MainThread(16684), line 54 in get_ready_future: Created future for audio_cache\youtube-vL0QI62VGHo-The_Delltones_Get_a_Job.webm
[325.0642762184143066] 2018-05-18 12:01:16,900 - FFMPEG - musicbot.player | In player.py::MainThread(16684), line 330 in _play: Creating player with options: -nostdin -vn audio_cache\youtube-vL0QI62VGHo-The_Delltones_Get_a_Job.webm
[325.0682706832885742] 2018-05-18 12:01:16,904 - DEBUG - musicbot.bot | In bot.py::MainThread(16684), line 825 in serialize_queue: Serializing queue for 417624655550087168
[325.0747699737548828] 2018-05-18 12:01:16,911 - DEBUG - musicbot.bot | In bot.py::MainThread(16684), line 825 in serialize_queue: Serializing queue for 417624655550087168
[329.6215758323669434] 2018-05-18 12:01:21,458 - INFO - musicbot.bot | In bot.py::MainThread(16684), line 2734 in on_message: 292871335305019394/Technology Help Bundaberg ã‹¡#9176: !skip
[333.6578843593597412] 2018-05-18 12:01:25,494 - DEBUG - musicbot.entry | In entry.py::MainThread(16684), line 54 in get_ready_future: Created future for None
[333.6583762168884277] 2018-05-18 12:01:25,494 - INFO - musicbot.entry | In entry.py::MainThread(16684), line 220 in _really_download: Download started: https://youtube.com/watch?v=2sh0ENwPGXw
[335.6658866405487061] 2018-05-18 12:01:27,502 - DEBUG - musicbot.entry | In entry.py::MainThread(16684), line 54 in get_ready_future: Created future for None
[338.2987556457519531] 2018-05-18 12:01:30,135 - INFO - musicbot.entry | In entry.py::MainThread(16684), line 230 in _really_download: Download complete: https://youtube.com/watch?v=2sh0ENwPGXw
[338.3012557029724121] 2018-05-18 12:01:30,137 - FFMPEG - musicbot.player | In player.py::MainThread(16684), line 330 in _play: Creating player with options: -nostdin -vn audio_cache\youtube-2sh0ENwPGXw-Savant_-_Invasion_-_Upgrade.webm
[338.3042559623718262] 2018-05-18 12:01:30,140 - DEBUG - musicbot.bot | In bot.py::MainThread(16684), line 825 in serialize_queue: Serializing queue for 417624655550087168
[341.0752291679382324] 2018-05-18 12:01:32,911 - INFO - musicbot.bot | In bot.py::MainThread(16684), line 2734 in on_message: 292871335305019394/Technology Help Bundaberg ã‹¡#9176: !play he Delltones Get a Job
[341.3517889976501465] 2018-05-18 12:01:33,188 - DEBUG - musicbot.bot | In bot.py::MainThread(16684), line 1517 in cmd_play: {'_type': 'url', 'url': 'ytsearch:he Delltones Get a Job', 'ie_key': None, 'extractor': 'generic', 'webpage_url': 'he Delltones Get a Job', 'webpage_url_basename': 'he Delltones Get a Job', 'extractor_key': 'Generic'}
[347.5986504554748535] 2018-05-18 12:01:39,435 - DEBUG - musicbot.entry | In entry.py::MainThread(16684), line 54 in get_ready_future: Created future for None
[347.5996384620666504] 2018-05-18 12:01:39,436 - DEBUG - musicbot.bot | In bot.py::MainThread(16684), line 825 in serialize_queue: Serializing queue for 417624655550087168
[347.6046364307403564] 2018-05-18 12:01:39,441 - INFO - musicbot.entry | In entry.py::MainThread(16684), line 196 in _download: Download cached: https://www.youtube.com/watch?v=vL0QI62VGHo
[350.9131269454956055] 2018-05-18 12:01:42,749 - INFO - musicbot.bot | In bot.py::MainThread(16684), line 2734 in on_message: 292871335305019394/Technology Help Bundaberg ã‹¡#9176: !skip
[350.9266262054443359] 2018-05-18 12:01:42,763 - DEBUG - musicbot.entry | In entry.py::MainThread(16684), line 54 in get_ready_future: Created future for audio_cache\youtube-vL0QI62VGHo-The_Delltones_Get_a_Job.webm
[350.9276258945465088] 2018-05-18 12:01:42,764 - FFMPEG - musicbot.player | In player.py::MainThread(16684), line 330 in _play: Creating player with options: -nostdin -vn audio_cache\youtube-vL0QI62VGHo-The_Delltones_Get_a_Job.webm
[350.9341228008270264] 2018-05-18 12:01:42,770 - DEBUG - musicbot.bot | In bot.py::MainThread(16684), line 825 in serialize_queue: Serializing queue for 417624655550087168
[350.9366223812103271] 2018-05-18 12:01:42,773 - DEBUG - musicbot.bot | In bot.py::MainThread(16684), line 825 in serialize_queue: Serializing queue for 417624655550087168
[361.5667901039123535] 2018-05-18 12:01:53,403 - INFO - musicbot.bot | In bot.py::MainThread(16684), line 2734 in on_message: 292871335305019394/Technology Help Bundaberg ã‹¡#9176: !help
[372.3140861988067627] 2018-05-18 12:02:04,150 - INFO - musicbot.bot | In bot.py::MainThread(16684), line 2734 in on_message: 292871335305019394/Technology Help Bundaberg ã‹¡#9176: !option
[407.2352485656738281] 2018-05-18 12:02:39,071 - INFO - musicbot.bot | In bot.py::MainThread(16684), line 2734 in on_message: 292871335305019394/Technology Help Bundaberg ã‹¡#9176: !stream
[427.4624316692352295] 2018-05-18 12:02:59,299 - INFO - musicbot.bot | In bot.py::MainThread(16684), line 2734 in on_message: 292871335305019394/Technology Help Bundaberg ã‹¡#9176: !help
[433.8804225921630859] 2018-05-18 12:03:05,716 - INFO - musicbot.bot | In bot.py::MainThread(16684), line 2734 in on_message: 292871335305019394/Technology Help Bundaberg ã‹¡#9176: !karaoke
[439.1793494224548340] 2018-05-18 12:03:11,015 - INFO - musicbot.bot | In bot.py::MainThread(16684), line 2734 in on_message: 292871335305019394/Technology Help Bundaberg ã‹¡#9176: !help
[444.6118705272674561] 2018-05-18 12:03:16,448 - INFO - musicbot.bot | In bot.py::MainThread(16684), line 2734 in on_message: 292871335305019394/Technology Help Bundaberg ã‹¡#9176: !karaoke
[447.3486897945404053] 2018-05-18 12:03:19,185 - INFO - musicbot.bot | In bot.py::MainThread(16684), line 2734 in on_message: 292871335305019394/Technology Help Bundaberg ã‹¡#9176: !karaoke
[478.9357793331146240] 2018-05-18 12:03:50,772 - VOICEDEBUG - musicbot.bot | In bot.py::MainThread(16684), line 2938 in on_voice_state_update: Voice state update for 235088799074484224/Rythm#3722 on Technology Help Bundaberg/Music -> [LEAVE, DISCONNECT]
[478.9362788200378418] 2018-05-18 12:03:50,772 - INFO - musicbot.bot | In bot.py::MainThread(16684), line 2949 in on_voice_state_update: 235088799074484224/Rythm#3722 has left Technology Help Bundaberg/Music
[495.2903072834014893] 2018-05-18 12:04:07,126 - INFO - musicbot.bot | In bot.py::MainThread(16684), line 2734 in on_message: 292871335305019394/Technology Help Bundaberg ã‹¡#9176: !setavatar
[495.2938063144683838] 2018-05-18 12:04:07,130 - ERROR - musicbot.bot | In bot.py::MainThread(16684), line 2863 in on_message: Error in setavatar: CommandError: You must provide a URL or attach a file.
Traceback (most recent call last):
  File "C:\Users\wade\Desktop\New folder (3)\MusicBot\musicbot\bot.py", line 2841, in on_message
    response = await handler(**handler_kwargs)
  File "C:\Users\wade\Desktop\New folder (3)\MusicBot\musicbot\bot.py", line 138, in wrapper
    return await func(self, *args, **kwargs)
  File "C:\Users\wade\Desktop\New folder (3)\MusicBot\musicbot\bot.py", line 2589, in cmd_setavatar
    raise exceptions.CommandError("You must provide a URL or attach a file.", expire_in=20)
musicbot.exceptions.CommandError: You must provide a URL or attach a file.
[501.3128905296325684] 2018-05-18 12:04:13,149 - INFO - musicbot.bot | In bot.py::MainThread(16684), line 2734 in on_message: 292871335305019394/Technology Help Bundaberg ã‹¡#9176: !setavatar www.google.com
[501.3158900737762451] 2018-05-18 12:04:13,152 - ERROR - musicbot.bot | In bot.py::MainThread(16684), line 2863 in on_message: Error in setavatar: CommandError: Unable to change avatar: Host could not be detected.
Traceback (most recent call last):
  File "C:\Users\wade\Desktop\New folder (3)\MusicBot\musicbot\bot.py", line 2593, in cmd_setavatar
    async with self.aiosession.get(thing) as res:
  File "C:\Users\wade\AppData\Local\Programs\Python\Python36-32\lib\site-packages\aiohttp\client.py", line 565, in __aenter__
    self._resp = yield from self._coro
  File "C:\Users\wade\AppData\Local\Programs\Python\Python36-32\lib\site-packages\aiohttp\client.py", line 195, in _request
    proxy=proxy, proxy_auth=proxy_auth, timeout=timeout)
  File "C:\Users\wade\AppData\Local\Programs\Python\Python36-32\lib\site-packages\aiohttp\client_reqrep.py", line 91, in __init__
    self.update_host(url)
  File "C:\Users\wade\AppData\Local\Programs\Python\Python36-32\lib\site-packages\aiohttp\client_reqrep.py", line 111, in update_host
    raise ValueError('Host could not be detected.')
ValueError: Host could not be detected.

During handling of the above exception, another exception occurred:

Traceback (most recent call last):
  File "C:\Users\wade\Desktop\New folder (3)\MusicBot\musicbot\bot.py", line 2841, in on_message
    response = await handler(**handler_kwargs)
  File "C:\Users\wade\Desktop\New folder (3)\MusicBot\musicbot\bot.py", line 138, in wrapper
    return await func(self, *args, **kwargs)
  File "C:\Users\wade\Desktop\New folder (3)\MusicBot\musicbot\bot.py", line 2597, in cmd_setavatar
    raise exceptions.CommandError("Unable to change avatar: {}".format(e), expire_in=20)
musicbot.exceptions.CommandError: Unable to change avatar: Host could not be detected.
[531.2293100357055664] 2018-05-18 12:04:43,065 - INFO - musicbot.bot | In bot.py::MainThread(16684), line 2734 in on_message: 292871335305019394/Technology Help Bundaberg ã‹¡#9176: !setavatar https://www.google.com.au/imgres?imgurl=https%3A%2F%2Fyt3.ggpht.com%2Fa-%2FAJLlDp0TFaxkKTbr1YMaEdj0KOLllMoFJcuWOIm4XA%3Ds900-mo-c-c0xffffffff-rj-k-no&imgrefurl=https%3A%2F%2Fwww.youtube.com%2Fuser%2FGoogle%2Fvideos&docid=qz22f96-Lgvs9M&tbnid=5__tHXEE-a6DSM%3A&vet=10ahUKEwjZv4z7lY7bAhUIw7wKHY8TDXwQMwi0ASgAMAA..i&w=900&h=900&hl=en&bih=685&biw=1078&q=google&ved=0ahUKEwjZv4z7lY7bAhUIw7wKHY8TDXwQMwi0ASgAMAA&iact=mrc&uact=8
[532.0440185070037842] 2018-05-18 12:04:43,880 - ERROR - musicbot.bot | In bot.py::MainThread(16684), line 2863 in on_message: Error in setavatar: CommandError: Unable to change avatar: Unsupported image type given
Traceback (most recent call last):
  File "C:\Users\wade\Desktop\New folder (3)\MusicBot\musicbot\bot.py", line 2594, in cmd_setavatar
    await self.edit_profile(avatar=await res.read())
  File "C:\Users\wade\Desktop\New folder (3)\MusicBot\musicbot\bot.py", line 995, in edit_profile
    return await super().edit_profile(**fields)
  File "C:\Users\wade\AppData\Local\Programs\Python\Python36-32\lib\site-packages\discord\client.py", line 1841, in edit_profile
    avatar = utils._bytes_to_base64_data(avatar_bytes)
  File "C:\Users\wade\AppData\Local\Programs\Python\Python36-32\lib\site-packages\discord\utils.py", line 247, in _bytes_to_base64_data
    mime = _get_mime_type_for_image(data)
  File "C:\Users\wade\AppData\Local\Programs\Python\Python36-32\lib\site-packages\discord\utils.py", line 243, in _get_mime_type_for_image
    raise InvalidArgument('Unsupported image type given')
discord.errors.InvalidArgument: Unsupported image type given

During handling of the above exception, another exception occurred:

Traceback (most recent call last):
  File "C:\Users\wade\Desktop\New folder (3)\MusicBot\musicbot\bot.py", line 2841, in on_message
    response = await handler(**handler_kwargs)
  File "C:\Users\wade\Desktop\New folder (3)\MusicBot\musicbot\bot.py", line 138, in wrapper
    return await func(self, *args, **kwargs)
  File "C:\Users\wade\Desktop\New folder (3)\MusicBot\musicbot\bot.py", line 2597, in cmd_setavatar
    raise exceptions.CommandError("Unable to change avatar: {}".format(e), expire_in=20)
musicbot.exceptions.CommandError: Unable to change avatar: Unsupported image type given
[571.1728146076202393] 2018-05-18 12:05:23,009 - DEBUG - musicbot.entry | In entry.py::MainThread(16684), line 54 in get_ready_future: Created future for None
[571.1733152866363525] 2018-05-18 12:05:23,009 - INFO - musicbot.entry | In entry.py::MainThread(16684), line 220 in _really_download: Download started: https://youtube.com/watch?v=cacL5jNJ87c
[573.1715035438537598] 2018-05-18 12:05:25,008 - DEBUG - musicbot.entry | In entry.py::MainThread(16684), line 54 in get_ready_future: Created future for None
[574.7049829959869385] 2018-05-18 12:05:26,541 - INFO - musicbot.entry | In entry.py::MainThread(16684), line 230 in _really_download: Download complete: https://youtube.com/watch?v=cacL5jNJ87c
[574.7074680328369141] 2018-05-18 12:05:26,544 - FFMPEG - musicbot.player | In player.py::MainThread(16684), line 330 in _play: Creating player with options: -nostdin -vn audio_cache\youtube-cacL5jNJ87c-Parmalee_-_Already_Callin_You_Mine_Lyric_Video.webm
[574.7114672660827637] 2018-05-18 12:05:26,548 - DEBUG - musicbot.bot | In bot.py::MainThread(16684), line 825 in serialize_queue: Serializing queue for 417624655550087168
[584.4555356502532959] 2018-05-18 12:05:36,292 - INFO - musicbot.bot | In bot.py::MainThread(16684), line 2734 in on_message: 292871335305019394/Technology Help Bundaberg ã‹¡#9176: !play halluajah
[584.8315470218658447] 2018-05-18 12:05:36,668 - ERROR - musicbot.bot | In bot.py::MainThread(16684), line 2863 in on_message: Error in play: PermissionsError: You don't have permission to use that command.
Reason: Karaoke mode is enabled, please try again when its disabled!
Traceback (most recent call last):
  File "C:\Users\wade\Desktop\New folder (3)\MusicBot\musicbot\bot.py", line 2841, in on_message
    response = await handler(**handler_kwargs)
  File "C:\Users\wade\Desktop\New folder (3)\MusicBot\musicbot\bot.py", line 1499, in cmd_play
    self.str.get('karaoke-enabled', "Karaoke mode is enabled, please try again when its disabled!"), expire_in=30
musicbot.exceptions.PermissionsError: Karaoke mode is enabled, please try again when its disabled!
[585.9085416793823242] 2018-05-18 12:05:37,745 - VOICEDEBUG - musicbot.bot | In bot.py::MainThread(16684), line 2938 in on_voice_state_update: Voice state update for 235088799074484224/Rythm#3722 on Technology Help Bundaberg/Music -> [JOIN, CONNECT]
[585.9090416431427002] 2018-05-18 12:05:37,745 - INFO - musicbot.bot | In bot.py::MainThread(16684), line 2949 in on_voice_state_update: 235088799074484224/Rythm#3722 has joined Technology Help Bundaberg/Music
[588.9107103347778320] 2018-05-18 12:05:40,747 - VOICEDEBUG - musicbot.bot | In bot.py::MainThread(16684), line 2929 in on_voice_state_update: Empty voice state update, likely a session id change
[607.3430986404418945] 2018-05-18 12:05:59,179 - INFO - musicbot.bot | In bot.py::MainThread(16684), line 2734 in on_message: 292871335305019394/Technology Help Bundaberg ã‹¡#9176: !Karaoke
[630.8268213272094727] 2018-05-18 12:06:22,663 - INFO - musicbot.bot | In bot.py::MainThread(16684), line 2734 in on_message: 292871335305019394/Technology Help Bundaberg ã‹¡#9176: !play The Climb
[631.0748691558837891] 2018-05-18 12:06:22,911 - DEBUG - musicbot.bot | In bot.py::MainThread(16684), line 1517 in cmd_play: {'_type': 'url', 'url': 'ytsearch:The Climb', 'ie_key': None, 'extractor': 'generic', 'webpage_url': 'The Climb', 'webpage_url_basename': 'The Climb', 'extractor_key': 'Generic'}
[637.3753650188446045] 2018-05-18 12:06:29,211 - DEBUG - musicbot.entry | In entry.py::MainThread(16684), line 54 in get_ready_future: Created future for None
[637.3773643970489502] 2018-05-18 12:06:29,213 - DEBUG - musicbot.bot | In bot.py::MainThread(16684), line 825 in serialize_queue: Serializing queue for 417624655550087168
[637.4157235622406006] 2018-05-18 12:06:29,252 - INFO - musicbot.entry | In entry.py::MainThread(16684), line 220 in _really_download: Download started: https://www.youtube.com/watch?v=NG2zyeVRcbs
[640.8366065025329590] 2018-05-18 12:06:32,673 - INFO - musicbot.entry | In entry.py::MainThread(16684), line 230 in _really_download: Download complete: https://www.youtube.com/watch?v=NG2zyeVRcbs
[643.1988525390625000] 2018-05-18 12:06:35,035 - INFO - musicbot.bot | In bot.py::MainThread(16684), line 2734 in on_message: 292871335305019394/Technology Help Bundaberg ã‹¡#9176: !skip
[643.2138440608978271] 2018-05-18 12:06:35,050 - DEBUG - musicbot.entry | In entry.py::MainThread(16684), line 54 in get_ready_future: Created future for audio_cache\youtube-NG2zyeVRcbs-Miley_Cyrus_-_The_Climb_-_Official_Music_Video_HQ.webm
[643.2143294811248779] 2018-05-18 12:06:35,050 - FFMPEG - musicbot.player | In player.py::MainThread(16684), line 330 in _play: Creating player with options: -nostdin -vn audio_cache\youtube-NG2zyeVRcbs-Miley_Cyrus_-_The_Climb_-_Official_Music_Video_HQ.webm
[643.2213268280029297] 2018-05-18 12:06:35,057 - DEBUG - musicbot.bot | In bot.py::MainThread(16684), line 825 in serialize_queue: Serializing queue for 417624655550087168
[643.2268276214599609] 2018-05-18 12:06:35,063 - DEBUG - musicbot.bot | In bot.py::MainThread(16684), line 825 in serialize_queue: Serializing queue for 417624655550087168
